[Nest] 21608  - 09/05/2026, 3:31:54 PM     LOG [NestFactory] Starting Nest application...
[Nest] 21608  - 09/05/2026, 3:31:54 PM     LOG [InstanceLoader] AppModule dependencies initialized +10ms
[Nest] 21608  - 09/05/2026, 3:31:54 PM     LOG [InstanceLoader] TypeOrmModule dependencies initialized +0ms
[Nest] 21608  - 09/05/2026, 3:31:54 PM     LOG [InstanceLoader] JwtModule dependencies initialized +1ms
[Nest] 21608  - 09/05/2026, 3:31:54 PM     LOG [InstanceLoader] ConfigHostModule dependencies initialized +0ms
[Nest] 21608  - 09/05/2026, 3:31:54 PM     LOG [InstanceLoader] ConfigModule dependencies initialized +0ms
[Nest] 21608  - 09/05/2026, 3:31:54 PM     LOG [InstanceLoader] TypeOrmCoreModule dependencies initialized +71ms
[Nest] 21608  - 09/05/2026, 3:31:54 PM     LOG [InstanceLoader] TypeOrmModule dependencies initialized +0ms
[Nest] 21608  - 09/05/2026, 3:31:54 PM     LOG [InstanceLoader] TypeOrmModule dependencies initialized +0ms
[Nest] 21608  - 09/05/2026, 3:31:54 PM     LOG [InstanceLoader] TypeOrmModule dependencies initialized +0ms
[Nest] 21608  - 09/05/2026, 3:31:54 PM     LOG [InstanceLoader] TypeOrmModule dependencies initialized +0ms
[Nest] 21608  - 09/05/2026, 3:31:54 PM     LOG [InstanceLoader] TypeOrmModule dependencies initialized +0ms
[Nest] 21608  - 09/05/2026, 3:31:54 PM     LOG [InstanceLoader] ReviewsModule dependencies initialized +1ms
[Nest] 21608  - 09/05/2026, 3:31:54 PM     LOG [InstanceLoader] SearchModule dependencies initialized +0ms
[Nest] 21608  - 09/05/2026, 3:31:54 PM     LOG [InstanceLoader] AuthModule dependencies initialized +0ms
[Nest] 21608  - 09/05/2026, 3:31:54 PM     LOG [InstanceLoader] RestaurantsModule dependencies initialized +0ms
[Nest] 21608  - 09/05/2026, 3:31:54 PM     LOG [InstanceLoader] AdminModule dependencies initialized +0ms
[Nest] 21608  - 09/05/2026, 3:31:54 PM     LOG [InstanceLoader] OrdersModule dependencies initialized +0ms
[Nest] 21608  - 09/05/2026, 3:31:54 PM     LOG [InstanceLoader] PaymentsModule dependencies initialized +0ms
[Nest] 21608  - 09/05/2026, 3:31:54 PM     LOG [WebSocketsController] OrdersGateway subscribed to the "order.subscribe" message +30ms
[Nest] 21608  - 09/05/2026, 3:31:54 PM     LOG [WebSocketsController] OrdersGateway subscribed to the "merchant.subscribe" message +0ms
[Nest] 21608  - 09/05/2026, 3:31:54 PM     LOG [RoutesResolver] AuthController {/api/auth}: +1ms
[Nest] 21608  - 09/05/2026, 3:31:54 PM     LOG [RouterExplorer] Mapped {/api/auth/register, POST} route +1ms
[Nest] 21608  - 09/05/2026, 3:31:54 PM     LOG [RouterExplorer] Mapped {/api/auth/login, POST} route +0ms
[Nest] 21608  - 09/05/2026, 3:31:54 PM     LOG [RouterExplorer] Mapped {/api/auth/refresh, POST} route +0ms
[Nest] 21608  - 09/05/2026, 3:31:54 PM     LOG [RouterExplorer] Mapped {/api/auth/upgrade-to-merchant, POST} route +0ms
[Nest] 21608  - 09/05/2026, 3:31:54 PM     LOG [RoutesResolver] RestaurantsController {/api/restaurants}: +0ms
[Nest] 21608  - 09/05/2026, 3:31:54 PM     LOG [RouterExplorer] Mapped {/api/restaurants, GET} route +0ms
[Nest] 21608  - 09/05/2026, 3:31:54 PM     LOG [RouterExplorer] Mapped {/api/restaurants/mine, GET} route +1ms
[Nest] 21608  - 09/05/2026, 3:31:54 PM     LOG [RouterExplorer] Mapped {/api/restaurants/:id, GET} route +0ms
[Nest] 21608  - 09/05/2026, 3:31:54 PM     LOG [RouterExplorer] Mapped {/api/restaurants, POST} route +0ms
[Nest] 21608  - 09/05/2026, 3:31:54 PM     LOG [RouterExplorer] Mapped {/api/restaurants/:id, PUT} route +0ms
[Nest] 21608  - 09/05/2026, 3:31:54 PM     LOG [RoutesResolver] SearchController {/api/search}: +0ms
[Nest] 21608  - 09/05/2026, 3:31:54 PM     LOG [RouterExplorer] Mapped {/api/search/route, POST} route +0ms
[Nest] 21608  - 09/05/2026, 3:31:54 PM     LOG [RouterExplorer] Mapped {/api/search/route, GET} route +1ms
[Nest] 21608  - 09/05/2026, 3:31:54 PM     LOG [RoutesResolver] OrdersController {/api/orders}: +0ms
[Nest] 21608  - 09/05/2026, 3:31:54 PM     LOG [RouterExplorer] Mapped {/api/orders, POST} route +0ms
[Nest] 21608  - 09/05/2026, 3:31:54 PM     LOG [RouterExplorer] Mapped {/api/orders, GET} route +0ms
[Nest] 21608  - 09/05/2026, 3:31:54 PM     LOG [RouterExplorer] Mapped {/api/orders/:id, GET} route +0ms
[Nest] 21608  - 09/05/2026, 3:31:54 PM     LOG [RouterExplorer] Mapped {/api/orders/:id/status, PATCH} route +0ms
[Nest] 21608  - 09/05/2026, 3:31:54 PM     LOG [RoutesResolver] PaymentsController {/api/payments}: +0ms
[Nest] 21608  - 09/05/2026, 3:31:54 PM     LOG [RouterExplorer] Mapped {/api/payments/create, POST} route +0ms
[Nest] 21608  - 09/05/2026, 3:31:54 PM     LOG [RouterExplorer] Mapped {/api/payments/webhook, POST} route +0ms
[Nest] 21608  - 09/05/2026, 3:31:54 PM     LOG [RouterExplorer] Mapped {/api/payments/vnpay-return, GET} route +0ms
[Nest] 21608  - 09/05/2026, 3:31:54 PM     LOG [RouterExplorer] Mapped {/api/payments/vnpay-ipn, POST} route +0ms
[Nest] 21608  - 09/05/2026, 3:31:54 PM     LOG [RoutesResolver] ReviewsController {/api/reviews}: +0ms
[Nest] 21608  - 09/05/2026, 3:31:54 PM     LOG [RouterExplorer] Mapped {/api/reviews, POST} route +0ms
[Nest] 21608  - 09/05/2026, 3:31:54 PM     LOG [RouterExplorer] Mapped {/api/reviews/:id, DELETE} route +0ms
[Nest] 21608  - 09/05/2026, 3:31:54 PM     LOG [RoutesResolver] AdminController {/api/admin}: +0ms
[Nest] 21608  - 09/05/2026, 3:31:54 PM     LOG [RouterExplorer] Mapped {/api/admin/dashboard/overview, GET} route +0ms
[Nest] 21608  - 09/05/2026, 3:31:54 PM     LOG [RouterExplorer] Mapped {/api/admin/search-analytics, GET} route +0ms
[Nest] 21608  - 09/05/2026, 3:31:54 PM     LOG [RouterExplorer] Mapped {/api/admin/restaurants, GET} route +0ms
[Nest] 21608  - 09/05/2026, 3:31:54 PM     LOG [RouterExplorer] Mapped {/api/admin/users, GET} route +0ms
[Nest] 21608  - 09/05/2026, 3:31:54 PM     LOG [RouterExplorer] Mapped {/api/admin/restaurants/:id/suspend, PATCH} route +0ms
[Nest] 21608  - 09/05/2026, 3:31:54 PM     LOG [RouterExplorer] Mapped {/api/admin/restaurants/:id/activate, PATCH} route +0ms
[Nest] 21608  - 09/05/2026, 3:31:54 PM     LOG [NestApplication] Nest application successfully started +1ms
